// Jest Snapshot v1, https://goo.gl/fbAQLP

exports[`ResultList renders without crashing 1`] = `
<div
  className="container my-12 mx-auto px-4 md:px-12"
>
  <div
    className="flex flex-wrap -mx-1 lg:-mx-4"
  />
</div>
`;
