// Jest Snapshot v1, https://goo.gl/fbAQLP

exports[`Layout Should render correctly 1`] = `
<div
  className="absolute  w-full h-full"
>
  <nav
    className="w-full mx-auto bg-white shadow"
  >
    <div
      className="max-w-7xl mx-auto px-2 sm:px-6 lg:px-8"
    >
      <div
        className="relative flex items-center justify-between h-16"
      >
        <div
          className="absolute inset-y-0 left-0 flex items-center sm:hidden"
        >
          <button
            className="inline-flex items-center justify-center p-2 rounded-md text-black-400 hover:text-white hover:bg-gray-700 focus:outline-none focus:ring-2 focus:ring-inset focus:ring-white"
            id="headlessui-disclosure-button-undefined"
            onClick={[Function]}
            onKeyDown={[Function]}
            onKeyUp={[Function]}
            type="button"
          >
            <span
              className="sr-only"
            >
              Open main menu
            </span>
            <svg
              aria-hidden="true"
              className="block h-6 w-6"
              fill="none"
              stroke="currentColor"
              viewBox="0 0 24 24"
              xmlns="http://www.w3.org/2000/svg"
            >
              <path
                d="M4 6h16M4 12h16M4 18h16"
                strokeLinecap="round"
                strokeLinejoin="round"
                strokeWidth={2}
              />
            </svg>
          </button>
        </div>
        <div
          className="flex-1 flex items-center justify-center sm:items-stretch sm:justify-start"
        >
          <div
            className="flex-shrink-0 flex items-center"
          >
            <h3
              className="text-base text-white font-bold tracking-normal leading-tight ml-3 block lg:hidden h-8 w-auto"
            >
              <span
                className="relative inline-block px-6 py-2"
              >
                <div
                  className="absolute inset-0 transform skew-x-12 bg-teal-accent-400"
                />
                <a
                  className="relative text-teal-900"
                  href="#"
                  onClick={[Function]}
                  onMouseEnter={[Function]}
                >
                  F - MOVIES
                </a>
              </span>
            </h3>
            <h3
              className="text-base text-white font-bold tracking-normal leading-tight ml-3 hidden lg:block h-8 w-auto"
            >
              <span
                className="relative inline-block px-6 py-2"
              >
                <div
                  className="absolute inset-0 transform skew-x-12 bg-teal-accent-400"
                />
                <a
                  className="relative text-teal-900"
                  href="#"
                  onClick={[Function]}
                  onMouseEnter={[Function]}
                >
                  F - MOVIES
                </a>
              </span>
            </h3>
          </div>
          <div
            className="hidden sm:block sm:ml-6"
          >
            <div
              className="flex space-x-4"
            >
              <a
                className="text-black-300 hover:text-teal-accent-400 px-3 py-2 rounded-md text-sm font-medium"
                href="#"
                onClick={[Function]}
                onMouseEnter={[Function]}
              >
                PlayList
              </a>
            </div>
          </div>
        </div>
      </div>
    </div>
  </nav>
  <div
    className="container mx-auto  h-full  "
  >
    <div
      className=" mx-auto min-h-full "
    >
      <h1>
        child
      </h1>
    </div>
    <div>
      <div
        className="px-4 pt-4  my-20 mx-auto sm:max-w-xl md:max-w-full lg:max-w-screen-xl md:px-10 lg:px-8"
      >
        <hr />
        <div
          className="flex flex-col justify-center pt-5 pb-10 sm:flex-row s"
        >
          <p
            className="text-sm text-gray-500"
          >
            Â© My favorite color is green..
          </p>
        </div>
      </div>
    </div>
  </div>
</div>
`;
